# remote-write capture
# source: jsonrpc-bench native engine
[headers]
Authorization: basic <redacted>
Content-Encoding: snappy
Content-Type: application/x-protobuf
User-Agent: jsonrpc-bench/1
X-Prometheus-Remote-Write-Version: 0.1.0
[series]
bench_achieved_rate{client_type,scenario,testid}
bench_data_received_total{client_type,scenario,testid}
bench_data_sent_total{client_type,scenario,testid}
bench_http_req_blocked_avg{client_type,outcome,req_name,rpc_method,scenario,status,testid}
bench_http_req_blocked_max{client_type,outcome,req_name,rpc_method,scenario,status,testid}
bench_http_req_blocked_med{client_type,outcome,req_name,rpc_method,scenario,status,testid}
bench_http_req_blocked_min{client_type,outcome,req_name,rpc_method,scenario,status,testid}
bench_http_req_blocked_p75{client_type,outcome,req_name,rpc_method,scenario,status,testid}
bench_http_req_blocked_p90{client_type,outcome,req_name,rpc_method,scenario,status,testid}
bench_http_req_blocked_p95{client_type,outcome,req_name,rpc_method,scenario,status,testid}
bench_http_req_blocked_p999{client_type,outcome,req_name,rpc_method,scenario,status,testid}
bench_http_req_blocked_p99{client_type,outcome,req_name,rpc_method,scenario,status,testid}
bench_http_req_connecting_avg{client_type,outcome,req_name,rpc_method,scenario,status,testid}
bench_http_req_connecting_max{client_type,outcome,req_name,rpc_method,scenario,status,testid}
bench_http_req_connecting_med{client_type,outcome,req_name,rpc_method,scenario,status,testid}
bench_http_req_connecting_min{client_type,outcome,req_name,rpc_method,scenario,status,testid}
bench_http_req_connecting_p75{client_type,outcome,req_name,rpc_method,scenario,status,testid}
bench_http_req_connecting_p90{client_type,outcome,req_name,rpc_method,scenario,status,testid}
bench_http_req_connecting_p95{client_type,outcome,req_name,rpc_method,scenario,status,testid}
bench_http_req_connecting_p999{client_type,outcome,req_name,rpc_method,scenario,status,testid}
bench_http_req_connecting_p99{client_type,outcome,req_name,rpc_method,scenario,status,testid}
bench_http_req_duration_avg{client_type,outcome,req_name,rpc_method,scenario,status,testid}
bench_http_req_duration_max{client_type,outcome,req_name,rpc_method,scenario,status,testid}
bench_http_req_duration_med{client_type,outcome,req_name,rpc_method,scenario,status,testid}
bench_http_req_duration_min{client_type,outcome,req_name,rpc_method,scenario,status,testid}
bench_http_req_duration_p75{client_type,outcome,req_name,rpc_method,scenario,status,testid}
bench_http_req_duration_p90{client_type,outcome,req_name,rpc_method,scenario,status,testid}
bench_http_req_duration_p95{client_type,outcome,req_name,rpc_method,scenario,status,testid}
bench_http_req_duration_p999{client_type,outcome,req_name,rpc_method,scenario,status,testid}
bench_http_req_duration_p99{client_type,outcome,req_name,rpc_method,scenario,status,testid}
bench_http_req_failed_rate{client_type,req_name,rpc_method,scenario,testid}
bench_http_req_receiving_avg{client_type,outcome,req_name,rpc_method,scenario,status,testid}
bench_http_req_receiving_max{client_type,outcome,req_name,rpc_method,scenario,status,testid}
bench_http_req_receiving_med{client_type,outcome,req_name,rpc_method,scenario,status,testid}
bench_http_req_receiving_min{client_type,outcome,req_name,rpc_method,scenario,status,testid}
bench_http_req_receiving_p75{client_type,outcome,req_name,rpc_method,scenario,status,testid}
bench_http_req_receiving_p90{client_type,outcome,req_name,rpc_method,scenario,status,testid}
bench_http_req_receiving_p95{client_type,outcome,req_name,rpc_method,scenario,status,testid}
bench_http_req_receiving_p999{client_type,outcome,req_name,rpc_method,scenario,status,testid}
bench_http_req_receiving_p99{client_type,outcome,req_name,rpc_method,scenario,status,testid}
bench_http_req_sending_avg{client_type,outcome,req_name,rpc_method,scenario,status,testid}
bench_http_req_sending_max{client_type,outcome,req_name,rpc_method,scenario,status,testid}
bench_http_req_sending_med{client_type,outcome,req_name,rpc_method,scenario,status,testid}
bench_http_req_sending_min{client_type,outcome,req_name,rpc_method,scenario,status,testid}
bench_http_req_sending_p75{client_type,outcome,req_name,rpc_method,scenario,status,testid}
bench_http_req_sending_p90{client_type,outcome,req_name,rpc_method,scenario,status,testid}
bench_http_req_sending_p95{client_type,outcome,req_name,rpc_method,scenario,status,testid}
bench_http_req_sending_p999{client_type,outcome,req_name,rpc_method,scenario,status,testid}
bench_http_req_sending_p99{client_type,outcome,req_name,rpc_method,scenario,status,testid}
bench_http_req_tls_handshaking_avg{client_type,outcome,req_name,rpc_method,scenario,status,testid}
bench_http_req_tls_handshaking_max{client_type,outcome,req_name,rpc_method,scenario,status,testid}
bench_http_req_tls_handshaking_med{client_type,outcome,req_name,rpc_method,scenario,status,testid}
bench_http_req_tls_handshaking_min{client_type,outcome,req_name,rpc_method,scenario,status,testid}
bench_http_req_tls_handshaking_p75{client_type,outcome,req_name,rpc_method,scenario,status,testid}
bench_http_req_tls_handshaking_p90{client_type,outcome,req_name,rpc_method,scenario,status,testid}
bench_http_req_tls_handshaking_p95{client_type,outcome,req_name,rpc_method,scenario,status,testid}
bench_http_req_tls_handshaking_p999{client_type,outcome,req_name,rpc_method,scenario,status,testid}
bench_http_req_tls_handshaking_p99{client_type,outcome,req_name,rpc_method,scenario,status,testid}
bench_http_req_waiting_avg{client_type,outcome,req_name,rpc_method,scenario,status,testid}
bench_http_req_waiting_max{client_type,outcome,req_name,rpc_method,scenario,status,testid}
bench_http_req_waiting_med{client_type,outcome,req_name,rpc_method,scenario,status,testid}
bench_http_req_waiting_min{client_type,outcome,req_name,rpc_method,scenario,status,testid}
bench_http_req_waiting_p75{client_type,outcome,req_name,rpc_method,scenario,status,testid}
bench_http_req_waiting_p90{client_type,outcome,req_name,rpc_method,scenario,status,testid}
bench_http_req_waiting_p95{client_type,outcome,req_name,rpc_method,scenario,status,testid}
bench_http_req_waiting_p999{client_type,outcome,req_name,rpc_method,scenario,status,testid}
bench_http_req_waiting_p99{client_type,outcome,req_name,rpc_method,scenario,status,testid}
bench_http_reqs_total{client_type,outcome,req_name,rpc_method,scenario,status,testid}
bench_inflight_peak{client_type,scenario,testid}
bench_inflight{client_type,scenario,testid}
bench_iteration_duration_avg{client_type,scenario,testid}
bench_iteration_duration_max{client_type,scenario,testid}
bench_iteration_duration_med{client_type,scenario,testid}
bench_iteration_duration_min{client_type,scenario,testid}
bench_iteration_duration_p75{client_type,scenario,testid}
bench_iteration_duration_p90{client_type,scenario,testid}
bench_iteration_duration_p95{client_type,scenario,testid}
bench_iteration_duration_p999{client_type,scenario,testid}
bench_iteration_duration_p99{client_type,scenario,testid}
bench_iterations_total{client_type,scenario,testid}
bench_queue_delay_avg{client_type,scenario,testid}
bench_queue_delay_max{client_type,scenario,testid}
bench_queue_delay_med{client_type,scenario,testid}
bench_queue_delay_min{client_type,scenario,testid}
bench_queue_delay_p75{client_type,scenario,testid}
bench_queue_delay_p90{client_type,scenario,testid}
bench_queue_delay_p95{client_type,scenario,testid}
bench_queue_delay_p999{client_type,scenario,testid}
bench_queue_delay_p99{client_type,scenario,testid}
bench_requests_dropped_total{client_type,scenario,testid}
bench_requests_late_total{client_type,scenario,testid}
bench_requests_scheduled_total{client_type,scenario,testid}
bench_resp_bytes_avg{client_type,outcome,req_name,rpc_method,scenario,status,testid}
bench_resp_bytes_max{client_type,outcome,req_name,rpc_method,scenario,status,testid}
bench_resp_bytes_p95{client_type,outcome,req_name,rpc_method,scenario,status,testid}
bench_rpc_error_rate{client_type,req_name,rpc_method,scenario,testid}
bench_rpc_errors_total{client_type,req_name,rpc_code,rpc_method,scenario,testid}
