# remote-write capture
# source: k6 v2.2.0
[headers]
Authorization: basic <redacted>
Content-Encoding: snappy
Content-Type: application/x-protobuf
User-Agent: k6-prometheus-rw-output
X-Prometheus-Remote-Write-Version: 0.1.0
[series]
k6_checks_rate{check,client_type,group,req_name,rpc_method,scenario,testid}
k6_data_received_total{client_type,scenario,testid}
k6_data_sent_total{client_type,scenario,testid}
k6_dropped_iterations_total{scenario,testid}
k6_group_duration_avg{client_type,group,scenario,testid}
k6_group_duration_max{client_type,group,scenario,testid}
k6_group_duration_med{client_type,group,scenario,testid}
k6_group_duration_min{client_type,group,scenario,testid}
k6_group_duration_p75{client_type,group,scenario,testid}
k6_group_duration_p90{client_type,group,scenario,testid}
k6_group_duration_p95{client_type,group,scenario,testid}
k6_group_duration_p999{client_type,group,scenario,testid}
k6_group_duration_p99{client_type,group,scenario,testid}
k6_http_req_blocked_avg{client_type,error,error_code,group,req_name,rpc_method,scenario,status,testid,url}
k6_http_req_blocked_avg{client_type,error_code,group,req_name,rpc_method,scenario,status,testid,url}
k6_http_req_blocked_avg{client_type,group,req_name,rpc_method,scenario,status,testid,url}
k6_http_req_blocked_max{client_type,error,error_code,group,req_name,rpc_method,scenario,status,testid,url}
k6_http_req_blocked_max{client_type,error_code,group,req_name,rpc_method,scenario,status,testid,url}
k6_http_req_blocked_max{client_type,group,req_name,rpc_method,scenario,status,testid,url}
k6_http_req_blocked_med{client_type,error,error_code,group,req_name,rpc_method,scenario,status,testid,url}
k6_http_req_blocked_med{client_type,error_code,group,req_name,rpc_method,scenario,status,testid,url}
k6_http_req_blocked_med{client_type,group,req_name,rpc_method,scenario,status,testid,url}
k6_http_req_blocked_min{client_type,error,error_code,group,req_name,rpc_method,scenario,status,testid,url}
k6_http_req_blocked_min{client_type,error_code,group,req_name,rpc_method,scenario,status,testid,url}
k6_http_req_blocked_min{client_type,group,req_name,rpc_method,scenario,status,testid,url}
k6_http_req_blocked_p75{client_type,error,error_code,group,req_name,rpc_method,scenario,status,testid,url}
k6_http_req_blocked_p75{client_type,error_code,group,req_name,rpc_method,scenario,status,testid,url}
k6_http_req_blocked_p75{client_type,group,req_name,rpc_method,scenario,status,testid,url}
k6_http_req_blocked_p90{client_type,error,error_code,group,req_name,rpc_method,scenario,status,testid,url}
k6_http_req_blocked_p90{client_type,error_code,group,req_name,rpc_method,scenario,status,testid,url}
k6_http_req_blocked_p90{client_type,group,req_name,rpc_method,scenario,status,testid,url}
k6_http_req_blocked_p95{client_type,error,error_code,group,req_name,rpc_method,scenario,status,testid,url}
k6_http_req_blocked_p95{client_type,error_code,group,req_name,rpc_method,scenario,status,testid,url}
k6_http_req_blocked_p95{client_type,group,req_name,rpc_method,scenario,status,testid,url}
k6_http_req_blocked_p999{client_type,error,error_code,group,req_name,rpc_method,scenario,status,testid,url}
k6_http_req_blocked_p999{client_type,error_code,group,req_name,rpc_method,scenario,status,testid,url}
k6_http_req_blocked_p999{client_type,group,req_name,rpc_method,scenario,status,testid,url}
k6_http_req_blocked_p99{client_type,error,error_code,group,req_name,rpc_method,scenario,status,testid,url}
k6_http_req_blocked_p99{client_type,error_code,group,req_name,rpc_method,scenario,status,testid,url}
k6_http_req_blocked_p99{client_type,group,req_name,rpc_method,scenario,status,testid,url}
k6_http_req_connecting_avg{client_type,error,error_code,group,req_name,rpc_method,scenario,status,testid,url}
k6_http_req_connecting_avg{client_type,error_code,group,req_name,rpc_method,scenario,status,testid,url}
k6_http_req_connecting_avg{client_type,group,req_name,rpc_method,scenario,status,testid,url}
k6_http_req_connecting_max{client_type,error,error_code,group,req_name,rpc_method,scenario,status,testid,url}
k6_http_req_connecting_max{client_type,error_code,group,req_name,rpc_method,scenario,status,testid,url}
k6_http_req_connecting_max{client_type,group,req_name,rpc_method,scenario,status,testid,url}
k6_http_req_connecting_med{client_type,error,error_code,group,req_name,rpc_method,scenario,status,testid,url}
k6_http_req_connecting_med{client_type,error_code,group,req_name,rpc_method,scenario,status,testid,url}
k6_http_req_connecting_med{client_type,group,req_name,rpc_method,scenario,status,testid,url}
k6_http_req_connecting_min{client_type,error,error_code,group,req_name,rpc_method,scenario,status,testid,url}
k6_http_req_connecting_min{client_type,error_code,group,req_name,rpc_method,scenario,status,testid,url}
k6_http_req_connecting_min{client_type,group,req_name,rpc_method,scenario,status,testid,url}
k6_http_req_connecting_p75{client_type,error,error_code,group,req_name,rpc_method,scenario,status,testid,url}
k6_http_req_connecting_p75{client_type,error_code,group,req_name,rpc_method,scenario,status,testid,url}
k6_http_req_connecting_p75{client_type,group,req_name,rpc_method,scenario,status,testid,url}
k6_http_req_connecting_p90{client_type,error,error_code,group,req_name,rpc_method,scenario,status,testid,url}
k6_http_req_connecting_p90{client_type,error_code,group,req_name,rpc_method,scenario,status,testid,url}
k6_http_req_connecting_p90{client_type,group,req_name,rpc_method,scenario,status,testid,url}
k6_http_req_connecting_p95{client_type,error,error_code,group,req_name,rpc_method,scenario,status,testid,url}
k6_http_req_connecting_p95{client_type,error_code,group,req_name,rpc_method,scenario,status,testid,url}
k6_http_req_connecting_p95{client_type,group,req_name,rpc_method,scenario,status,testid,url}
k6_http_req_connecting_p999{client_type,error,error_code,group,req_name,rpc_method,scenario,status,testid,url}
k6_http_req_connecting_p999{client_type,error_code,group,req_name,rpc_method,scenario,status,testid,url}
k6_http_req_connecting_p999{client_type,group,req_name,rpc_method,scenario,status,testid,url}
k6_http_req_connecting_p99{client_type,error,error_code,group,req_name,rpc_method,scenario,status,testid,url}
k6_http_req_connecting_p99{client_type,error_code,group,req_name,rpc_method,scenario,status,testid,url}
k6_http_req_connecting_p99{client_type,group,req_name,rpc_method,scenario,status,testid,url}
k6_http_req_duration_avg{client_type,error,error_code,group,req_name,rpc_method,scenario,status,testid,url}
k6_http_req_duration_avg{client_type,error_code,group,req_name,rpc_method,scenario,status,testid,url}
k6_http_req_duration_avg{client_type,group,req_name,rpc_method,scenario,status,testid,url}
k6_http_req_duration_max{client_type,error,error_code,group,req_name,rpc_method,scenario,status,testid,url}
k6_http_req_duration_max{client_type,error_code,group,req_name,rpc_method,scenario,status,testid,url}
k6_http_req_duration_max{client_type,group,req_name,rpc_method,scenario,status,testid,url}
k6_http_req_duration_med{client_type,error,error_code,group,req_name,rpc_method,scenario,status,testid,url}
k6_http_req_duration_med{client_type,error_code,group,req_name,rpc_method,scenario,status,testid,url}
k6_http_req_duration_med{client_type,group,req_name,rpc_method,scenario,status,testid,url}
k6_http_req_duration_min{client_type,error,error_code,group,req_name,rpc_method,scenario,status,testid,url}
k6_http_req_duration_min{client_type,error_code,group,req_name,rpc_method,scenario,status,testid,url}
k6_http_req_duration_min{client_type,group,req_name,rpc_method,scenario,status,testid,url}
k6_http_req_duration_p75{client_type,error,error_code,group,req_name,rpc_method,scenario,status,testid,url}
k6_http_req_duration_p75{client_type,error_code,group,req_name,rpc_method,scenario,status,testid,url}
k6_http_req_duration_p75{client_type,group,req_name,rpc_method,scenario,status,testid,url}
k6_http_req_duration_p90{client_type,error,error_code,group,req_name,rpc_method,scenario,status,testid,url}
k6_http_req_duration_p90{client_type,error_code,group,req_name,rpc_method,scenario,status,testid,url}
k6_http_req_duration_p90{client_type,group,req_name,rpc_method,scenario,status,testid,url}
k6_http_req_duration_p95{client_type,error,error_code,group,req_name,rpc_method,scenario,status,testid,url}
k6_http_req_duration_p95{client_type,error_code,group,req_name,rpc_method,scenario,status,testid,url}
k6_http_req_duration_p95{client_type,group,req_name,rpc_method,scenario,status,testid,url}
k6_http_req_duration_p999{client_type,error,error_code,group,req_name,rpc_method,scenario,status,testid,url}
k6_http_req_duration_p999{client_type,error_code,group,req_name,rpc_method,scenario,status,testid,url}
k6_http_req_duration_p999{client_type,group,req_name,rpc_method,scenario,status,testid,url}
k6_http_req_duration_p99{client_type,error,error_code,group,req_name,rpc_method,scenario,status,testid,url}
k6_http_req_duration_p99{client_type,error_code,group,req_name,rpc_method,scenario,status,testid,url}
k6_http_req_duration_p99{client_type,group,req_name,rpc_method,scenario,status,testid,url}
k6_http_req_failed_rate{client_type,error,error_code,group,req_name,rpc_method,scenario,status,testid,url}
k6_http_req_failed_rate{client_type,error_code,group,req_name,rpc_method,scenario,status,testid,url}
k6_http_req_failed_rate{client_type,group,req_name,rpc_method,scenario,status,testid,url}
k6_http_req_receiving_avg{client_type,error,error_code,group,req_name,rpc_method,scenario,status,testid,url}
k6_http_req_receiving_avg{client_type,error_code,group,req_name,rpc_method,scenario,status,testid,url}
k6_http_req_receiving_avg{client_type,group,req_name,rpc_method,scenario,status,testid,url}
k6_http_req_receiving_max{client_type,error,error_code,group,req_name,rpc_method,scenario,status,testid,url}
k6_http_req_receiving_max{client_type,error_code,group,req_name,rpc_method,scenario,status,testid,url}
k6_http_req_receiving_max{client_type,group,req_name,rpc_method,scenario,status,testid,url}
k6_http_req_receiving_med{client_type,error,error_code,group,req_name,rpc_method,scenario,status,testid,url}
k6_http_req_receiving_med{client_type,error_code,group,req_name,rpc_method,scenario,status,testid,url}
k6_http_req_receiving_med{client_type,group,req_name,rpc_method,scenario,status,testid,url}
k6_http_req_receiving_min{client_type,error,error_code,group,req_name,rpc_method,scenario,status,testid,url}
k6_http_req_receiving_min{client_type,error_code,group,req_name,rpc_method,scenario,status,testid,url}
k6_http_req_receiving_min{client_type,group,req_name,rpc_method,scenario,status,testid,url}
k6_http_req_receiving_p75{client_type,error,error_code,group,req_name,rpc_method,scenario,status,testid,url}
k6_http_req_receiving_p75{client_type,error_code,group,req_name,rpc_method,scenario,status,testid,url}
k6_http_req_receiving_p75{client_type,group,req_name,rpc_method,scenario,status,testid,url}
k6_http_req_receiving_p90{client_type,error,error_code,group,req_name,rpc_method,scenario,status,testid,url}
k6_http_req_receiving_p90{client_type,error_code,group,req_name,rpc_method,scenario,status,testid,url}
k6_http_req_receiving_p90{client_type,group,req_name,rpc_method,scenario,status,testid,url}
k6_http_req_receiving_p95{client_type,error,error_code,group,req_name,rpc_method,scenario,status,testid,url}
k6_http_req_receiving_p95{client_type,error_code,group,req_name,rpc_method,scenario,status,testid,url}
k6_http_req_receiving_p95{client_type,group,req_name,rpc_method,scenario,status,testid,url}
k6_http_req_receiving_p999{client_type,error,error_code,group,req_name,rpc_method,scenario,status,testid,url}
k6_http_req_receiving_p999{client_type,error_code,group,req_name,rpc_method,scenario,status,testid,url}
k6_http_req_receiving_p999{client_type,group,req_name,rpc_method,scenario,status,testid,url}
k6_http_req_receiving_p99{client_type,error,error_code,group,req_name,rpc_method,scenario,status,testid,url}
k6_http_req_receiving_p99{client_type,error_code,group,req_name,rpc_method,scenario,status,testid,url}
k6_http_req_receiving_p99{client_type,group,req_name,rpc_method,scenario,status,testid,url}
k6_http_req_sending_avg{client_type,error,error_code,group,req_name,rpc_method,scenario,status,testid,url}
k6_http_req_sending_avg{client_type,error_code,group,req_name,rpc_method,scenario,status,testid,url}
k6_http_req_sending_avg{client_type,group,req_name,rpc_method,scenario,status,testid,url}
k6_http_req_sending_max{client_type,error,error_code,group,req_name,rpc_method,scenario,status,testid,url}
k6_http_req_sending_max{client_type,error_code,group,req_name,rpc_method,scenario,status,testid,url}
k6_http_req_sending_max{client_type,group,req_name,rpc_method,scenario,status,testid,url}
k6_http_req_sending_med{client_type,error,error_code,group,req_name,rpc_method,scenario,status,testid,url}
k6_http_req_sending_med{client_type,error_code,group,req_name,rpc_method,scenario,status,testid,url}
k6_http_req_sending_med{client_type,group,req_name,rpc_method,scenario,status,testid,url}
k6_http_req_sending_min{client_type,error,error_code,group,req_name,rpc_method,scenario,status,testid,url}
k6_http_req_sending_min{client_type,error_code,group,req_name,rpc_method,scenario,status,testid,url}
k6_http_req_sending_min{client_type,group,req_name,rpc_method,scenario,status,testid,url}
k6_http_req_sending_p75{client_type,error,error_code,group,req_name,rpc_method,scenario,status,testid,url}
k6_http_req_sending_p75{client_type,error_code,group,req_name,rpc_method,scenario,status,testid,url}
k6_http_req_sending_p75{client_type,group,req_name,rpc_method,scenario,status,testid,url}
k6_http_req_sending_p90{client_type,error,error_code,group,req_name,rpc_method,scenario,status,testid,url}
k6_http_req_sending_p90{client_type,error_code,group,req_name,rpc_method,scenario,status,testid,url}
k6_http_req_sending_p90{client_type,group,req_name,rpc_method,scenario,status,testid,url}
k6_http_req_sending_p95{client_type,error,error_code,group,req_name,rpc_method,scenario,status,testid,url}
k6_http_req_sending_p95{client_type,error_code,group,req_name,rpc_method,scenario,status,testid,url}
k6_http_req_sending_p95{client_type,group,req_name,rpc_method,scenario,status,testid,url}
k6_http_req_sending_p999{client_type,error,error_code,group,req_name,rpc_method,scenario,status,testid,url}
k6_http_req_sending_p999{client_type,error_code,group,req_name,rpc_method,scenario,status,testid,url}
k6_http_req_sending_p999{client_type,group,req_name,rpc_method,scenario,status,testid,url}
k6_http_req_sending_p99{client_type,error,error_code,group,req_name,rpc_method,scenario,status,testid,url}
k6_http_req_sending_p99{client_type,error_code,group,req_name,rpc_method,scenario,status,testid,url}
k6_http_req_sending_p99{client_type,group,req_name,rpc_method,scenario,status,testid,url}
k6_http_req_tls_handshaking_avg{client_type,error,error_code,group,req_name,rpc_method,scenario,status,testid,url}
k6_http_req_tls_handshaking_avg{client_type,error_code,group,req_name,rpc_method,scenario,status,testid,url}
k6_http_req_tls_handshaking_avg{client_type,group,req_name,rpc_method,scenario,status,testid,url}
k6_http_req_tls_handshaking_max{client_type,error,error_code,group,req_name,rpc_method,scenario,status,testid,url}
k6_http_req_tls_handshaking_max{client_type,error_code,group,req_name,rpc_method,scenario,status,testid,url}
k6_http_req_tls_handshaking_max{client_type,group,req_name,rpc_method,scenario,status,testid,url}
k6_http_req_tls_handshaking_med{client_type,error,error_code,group,req_name,rpc_method,scenario,status,testid,url}
k6_http_req_tls_handshaking_med{client_type,error_code,group,req_name,rpc_method,scenario,status,testid,url}
k6_http_req_tls_handshaking_med{client_type,group,req_name,rpc_method,scenario,status,testid,url}
k6_http_req_tls_handshaking_min{client_type,error,error_code,group,req_name,rpc_method,scenario,status,testid,url}
k6_http_req_tls_handshaking_min{client_type,error_code,group,req_name,rpc_method,scenario,status,testid,url}
k6_http_req_tls_handshaking_min{client_type,group,req_name,rpc_method,scenario,status,testid,url}
k6_http_req_tls_handshaking_p75{client_type,error,error_code,group,req_name,rpc_method,scenario,status,testid,url}
k6_http_req_tls_handshaking_p75{client_type,error_code,group,req_name,rpc_method,scenario,status,testid,url}
k6_http_req_tls_handshaking_p75{client_type,group,req_name,rpc_method,scenario,status,testid,url}
k6_http_req_tls_handshaking_p90{client_type,error,error_code,group,req_name,rpc_method,scenario,status,testid,url}
k6_http_req_tls_handshaking_p90{client_type,error_code,group,req_name,rpc_method,scenario,status,testid,url}
k6_http_req_tls_handshaking_p90{client_type,group,req_name,rpc_method,scenario,status,testid,url}
k6_http_req_tls_handshaking_p95{client_type,error,error_code,group,req_name,rpc_method,scenario,status,testid,url}
k6_http_req_tls_handshaking_p95{client_type,error_code,group,req_name,rpc_method,scenario,status,testid,url}
k6_http_req_tls_handshaking_p95{client_type,group,req_name,rpc_method,scenario,status,testid,url}
k6_http_req_tls_handshaking_p999{client_type,error,error_code,group,req_name,rpc_method,scenario,status,testid,url}
k6_http_req_tls_handshaking_p999{client_type,error_code,group,req_name,rpc_method,scenario,status,testid,url}
k6_http_req_tls_handshaking_p999{client_type,group,req_name,rpc_method,scenario,status,testid,url}
k6_http_req_tls_handshaking_p99{client_type,error,error_code,group,req_name,rpc_method,scenario,status,testid,url}
k6_http_req_tls_handshaking_p99{client_type,error_code,group,req_name,rpc_method,scenario,status,testid,url}
k6_http_req_tls_handshaking_p99{client_type,group,req_name,rpc_method,scenario,status,testid,url}
k6_http_req_waiting_avg{client_type,error,error_code,group,req_name,rpc_method,scenario,status,testid,url}
k6_http_req_waiting_avg{client_type,error_code,group,req_name,rpc_method,scenario,status,testid,url}
k6_http_req_waiting_avg{client_type,group,req_name,rpc_method,scenario,status,testid,url}
k6_http_req_waiting_max{client_type,error,error_code,group,req_name,rpc_method,scenario,status,testid,url}
k6_http_req_waiting_max{client_type,error_code,group,req_name,rpc_method,scenario,status,testid,url}
k6_http_req_waiting_max{client_type,group,req_name,rpc_method,scenario,status,testid,url}
k6_http_req_waiting_med{client_type,error,error_code,group,req_name,rpc_method,scenario,status,testid,url}
k6_http_req_waiting_med{client_type,error_code,group,req_name,rpc_method,scenario,status,testid,url}
k6_http_req_waiting_med{client_type,group,req_name,rpc_method,scenario,status,testid,url}
k6_http_req_waiting_min{client_type,error,error_code,group,req_name,rpc_method,scenario,status,testid,url}
k6_http_req_waiting_min{client_type,error_code,group,req_name,rpc_method,scenario,status,testid,url}
k6_http_req_waiting_min{client_type,group,req_name,rpc_method,scenario,status,testid,url}
k6_http_req_waiting_p75{client_type,error,error_code,group,req_name,rpc_method,scenario,status,testid,url}
k6_http_req_waiting_p75{client_type,error_code,group,req_name,rpc_method,scenario,status,testid,url}
k6_http_req_waiting_p75{client_type,group,req_name,rpc_method,scenario,status,testid,url}
k6_http_req_waiting_p90{client_type,error,error_code,group,req_name,rpc_method,scenario,status,testid,url}
k6_http_req_waiting_p90{client_type,error_code,group,req_name,rpc_method,scenario,status,testid,url}
k6_http_req_waiting_p90{client_type,group,req_name,rpc_method,scenario,status,testid,url}
k6_http_req_waiting_p95{client_type,error,error_code,group,req_name,rpc_method,scenario,status,testid,url}
k6_http_req_waiting_p95{client_type,error_code,group,req_name,rpc_method,scenario,status,testid,url}
k6_http_req_waiting_p95{client_type,group,req_name,rpc_method,scenario,status,testid,url}
k6_http_req_waiting_p999{client_type,error,error_code,group,req_name,rpc_method,scenario,status,testid,url}
k6_http_req_waiting_p999{client_type,error_code,group,req_name,rpc_method,scenario,status,testid,url}
k6_http_req_waiting_p999{client_type,group,req_name,rpc_method,scenario,status,testid,url}
k6_http_req_waiting_p99{client_type,error,error_code,group,req_name,rpc_method,scenario,status,testid,url}
k6_http_req_waiting_p99{client_type,error_code,group,req_name,rpc_method,scenario,status,testid,url}
k6_http_req_waiting_p99{client_type,group,req_name,rpc_method,scenario,status,testid,url}
k6_http_reqs_total{client_type,error,error_code,group,req_name,rpc_method,scenario,status,testid,url}
k6_http_reqs_total{client_type,error_code,group,req_name,rpc_method,scenario,status,testid,url}
k6_http_reqs_total{client_type,group,req_name,rpc_method,scenario,status,testid,url}
k6_iteration_duration_avg{client_type,scenario,testid}
k6_iteration_duration_max{client_type,scenario,testid}
k6_iteration_duration_med{client_type,scenario,testid}
k6_iteration_duration_min{client_type,scenario,testid}
k6_iteration_duration_p75{client_type,scenario,testid}
k6_iteration_duration_p90{client_type,scenario,testid}
k6_iteration_duration_p95{client_type,scenario,testid}
k6_iteration_duration_p999{client_type,scenario,testid}
k6_iteration_duration_p99{client_type,scenario,testid}
k6_iterations_total{client_type,scenario,testid}
k6_vus_max{testid}
k6_vus{testid}
